// Jest Snapshot v1, https://goo.gl/fbAQLP

exports[`H1 should render 1`] = `
<div>
  <h1
    class="mb-4 text-4xl font-extrabold leading-none tracking-tight text-gray-900 md:text-5xl lg:text-6xl dark:text-white"
  >
    TEST
  </h1>
</div>
`;
