// Jest Snapshot v1, https://goo.gl/fbAQLP

exports[`SectionTitle should render 1`] = `
<div>
  <div
    class="w-3/4 lg:w-1/2 mx-auto mt-8 -mb-4"
  >
    <h2
      class="text-center text-4xl font-bold text-purple-700"
    >
      Hello there!
    </h2>
    <hr
      class="mt-5 mb-16 border-dotted border-spacing-8 border-8 border-t-0 border-purple-300"
    />
  </div>
</div>
`;
