// Jest Snapshot v1, https://goo.gl/fbAQLP

exports[`HR should render 1`] = `
<div>
  <hr
    class="mt-5 mb-16 border-dotted border-spacing-8 border-8 border-t-0 border-purple-300"
  />
</div>
`;
